// Jest Snapshot v1, https://goo.gl/fbAQLP

exports[`should match exact snapshot 1`] = `
<div
  className="row center-xs top-xs"
  style={
    Object {
      "height": "100%",
      "marginLeft": "0px",
      "marginRight": "0px",
      "width": "100%",
    }
  }
>
  <div
    className=""
  >
    <div
      className="row center-xs"
      style={
        Object {
          "height": "50px",
          "width": "100%",
        }
      }
    >
      <div
        className="col-xs-8 col-md-4"
      >
        <div
          className="css-9ebb9a"
        >
          <div
            className="css-1nih24x"
          />
          <div
            className="css-182ruc5"
          />
          <div
            className="css-fapzgm"
          />
          <div
            className="css-fqj3wr"
          />
          <div
            className="css-srr2wk"
          />
          <div
            className="css-1netspe"
          />
        </div>
      </div>
    </div>
    <div
      className="row center-xs"
    >
      <div
        className=""
      >
        <div
          className="react-reveal"
          style={
            Object {
              "opacity": undefined,
            }
          }
        >
          <span
            className="bp3-icon bp3-icon-desktop"
            icon="desktop"
          >
            <svg
              data-icon="desktop"
              fill="#5C7080"
              height={60}
              viewBox="0 0 20 20"
              width={60}
            >
              <desc>
                desktop
              </desc>
              <path
                d="M19 0H1C.45 0 0 .45 0 1v13c0 .55.45 1 1 1h5.67l-.5 3H5c-.55 0-1 .45-1 1s.45 1 1 1h10c.55 0 1-.45 1-1s-.45-1-1-1h-1.17l-.5-3H19c.55 0 1-.45 1-1V1c0-.55-.45-1-1-1zm-1 13H2V2h16v11z"
                fillRule="evenodd"
              />
            </svg>
          </span>
        </div>
      </div>
    </div>
  </div>
</div>
`;
