// Jest Snapshot v1, https://goo.gl/fbAQLP

exports[`should match exact snapshot 1`] = `ShallowWrapper {}`;
